Starting content-collections with config content-collections.ts
[36mvite v7.3.1 [32mbuilding client environment for production...[36m[39m
Start initial build
build started ...
... finished build of 1 collection and 5 documents in 25ms
transforming...

[@tanstack/devtools-vite] Removed devtools code from: /src/routes/__root.tsx

[32mΓ£ô[39m 58 modules transformed.
node.exe : [31mΓ£ù[39m Build failed in 706ms
At C:\Program Files\nodejs\npx.ps1:29 char:3
+   & $NODE_EXE $NPX_CLI_JS $args
+   ~~~~~~~~~~~~~~~~~~~~~~~~~~~~~
    + CategoryInfo          : NotSpecified: ([31mΓ£ù[39m Build failed in 706 
   ms:String) [], RemoteException
    + FullyQualifiedErrorId : NativeCommandError
 
[31merror during build:
[31m[@tailwindcss/vite:generate:build] "./dist/tw-animate.css" is not 
exported under the condition "style" from package 
C:\Users\abdallah\Desktop\sub-coders\tsd-react\node_modules\tw-animate-css 
(see exports field in C:\Users\abdallah\Desktop\sub-coders\tsd-react\node_modul
es\tw-animate-css\package.json)[31m
file: [36mC:/Users/abdallah/Desktop/sub-coders/tsd-react/src/styles.css[31m
    at C:\Users\abdallah\Desktop\sub-coders\tsd-react\node_modules\enhanced-res
olve\lib\ExportsFieldPlugin.js:123:7
    at Hook.eval [as callAsync] (eval at create (C:\Users\abdallah\Desktop\sub-
coders\tsd-react\node_modules\tapable\lib\HookCodeFactory.js:31:10), 
<anonymous>:22:1)
    at Resolver.doResolve (C:\Users\abdallah\Desktop\sub-coders\tsd-react\node_
modules\enhanced-resolve\lib\Resolver.js:736:16)
    at C:\Users\abdallah\Desktop\sub-coders\tsd-react\node_modules\enhanced-res
olve\lib\DescriptionFilePlugin.js:80:17
    at C:\Users\abdallah\Desktop\sub-coders\tsd-react\node_modules\enhanced-res
olve\lib\DescriptionFileUtils.js:161:24
    at C:\Users\abdallah\Desktop\sub-coders\tsd-react\node_modules\enhanced-res
olve\lib\forEachBail.js:39:13
    at onJson (C:\Users\abdallah\Desktop\sub-coders\tsd-react\node_modules\enha
nced-resolve\lib\DescriptionFileUtils.js:96:6)
    at C:\Users\abdallah\Desktop\sub-coders\tsd-react\node_modules\enhanced-res
olve\lib\DescriptionFileUtils.js:123:7
    at SyncAsyncFileSystemDecorator.readJson (C:\Users\abdallah\Desktop\sub-cod
ers\tsd-react\node_modules\enhanced-resolve\lib\SyncAsyncFileSystemDecorator.js
:204:6)
    at C:\Users\abdallah\Desktop\sub-coders\tsd-react\node_modules\enhanced-res
olve\lib\DescriptionFileUtils.js:104:26[39m
